92 provenance tags scanned

Mentioned in the tags:
   39 x  Plutarch                                       on card
   27 x  Life of Antony                                 on card
   20 x  Caesar                                         on card
   16 x  Cassius Dio                                    on card
   16 x  Roman History                                  on card
   11 x  Life of Caesar                                 on card
    7 x  Julius                                         on card
    7 x  Suetonius                                      on card
    6 x  Civil War                                      on card
    3 x  Appian                                         on card
    3 x  Civil Wars                                     on card
    3 x  Cleopatra: A Biography                         on card
    3 x  Roller                                         on card
    2 x  Horace                                         on card
    2 x  Jewish Antiquities                             on card
    2 x  Josephus                                       on card
    2 x  Odes                                           on card
    1 x  Life of Crassus                                on card

On the card but in no tag:
  nothing — every entry on the card is cited in at least one tag
text stack ends at y = 872   mark at 902   mark bottom 1012
widest line: 1128 px  right edge at x = 1234 (64.3% of frame)
right third clear from x = 1248
frame 0
